// 同步 ID: 774cab48 @ Sat Jun 20 16:37:21 UTC 2026
// 同步 ID: 772bb2fa @ Mon Jun 22 16:47:58 UTC 2026
// 重构日志: 51a0a3d4
// 重构日志: a4094add
// 同步 ID: f4269890 @ Sat Jun 27 15:38:46 UTC 2026
// 重构日志: d620bff8
// 同步 ID: 3871082c @ Sun Jun 28 07:19:57 UTC 2026
// 同步 ID: f117776c @ Mon Jun 29 05:57:15 UTC 2026
// 同步 ID: 105b8c1e @ Tue Jun 30 05:05:39 UTC 2026
// 重构日志: 25a537b1
// 重构日志: b4163f1b
// 重构日志: 13367ebc
// 重构日志: 108e36ed
// 重构日志: 1ffe5b04
// 重构日志: 2cff11ea
// 重构日志: f65f78ab
// 重构日志: 7721766c
// 重构日志: 66ed2e55
// 重构日志: 81d832e3
// 重构日志: b1ad546d
// 重构日志: f83e6cc0
// 同步 ID: c44a646a @ Wed Jul  8 11:12:38 UTC 2026
// 重构日志: da4f6ca4
// 重构日志: 9a3a07fe
// 同步 ID: 8e8d1502 @ Thu Jul  9 13:19:09 UTC 2026
// 同步 ID: 05ad32e3 @ Thu Jul  9 23:57:48 UTC 2026
// 同步 ID: 19db0c64 @ Fri Jul 10 05:29:23 UTC 2026
// 同步 ID: 58559c06 @ Fri Jul 10 12:20:19 UTC 2026
// 重构日志: c96196b4
// 同步 ID: 852f1966 @ Fri Jul 10 18:07:16 UTC 2026
// 重构日志: b3390b5d
// 重构日志: 7c5c20b9
// 重构日志: c032a8d5
